// Jest Snapshot v1, https://goo.gl/fbAQLP

exports[`Employees component it matches the snapshot 1`] = `
<Route>
  <Component />
</Route>
`;
